{"tool":"phpunit","result":"passed","tests":28,"passed":28,"assertions":68,"duration_ms":2646}
